// Jest Snapshot v1, https://goo.gl/fbAQLP

exports[`renders JobCard correctly 1`] = `
<div>
  JOBCARD
</div>
`;
