// Jest Snapshot v1, https://goo.gl/fbAQLP

exports[`renders Info page correct 1`] = `
<div>
  INFO
</div>
`;
